make[1]: Entering directory '/home/bing/Projects/op7/out'
  CHK     include/config/kernel.release
  GEN     ./Makefile
  CHK     include/generated/uapi/linux/version.h
  Using .. as source for kernel
  CHK     include/generated/utsrelease.h
  CHK     scripts/mod/devicetable-offsets.h
  CHK     include/generated/timeconst.h
  CHK     include/generated/bounds.h
  CHK     include/generated/asm-offsets.h
  CALL    ../scripts/checksyscalls.sh
  CHK     include/generated/compile.h
  CC      fs/exec.o
  DTC     arch/arm64/boot/dts/qcom/sm8150.dtb
  DTC     arch/arm64/boot/dts/qcom/sm8150-v2.dtb
  DTC     arch/arm64/boot/dts/qcom/sm8150p.dtb
  DTC     arch/arm64/boot/dts/qcom/sm8150p-v2.dtb
  DTC     arch/arm64/boot/dts/qcom/sa8155.dtb
  DTC     arch/arm64/boot/dts/qcom/sa8155-v2.dtb
  DTC     arch/arm64/boot/dts/qcom/sa8155p.dtb
  DTC     arch/arm64/boot/dts/qcom/sa8155p-v2.dtb
  CHK     kernel/config_data.h
  CHK     kernel/kheaders_data.tar.xz
../drivers/kernelsu/Makefile:28: "KSU_GIT_VERSION not defined! It is better to make KernelSU a git submodule!"
-- KernelSU Manager signature size: 0x033b
-- KernelSU Manager signature hash: c371061b19d8c7d7d6133c6a9bafe198fa944e50c1b31c9d8daa8d7f1fc2d2d6
  DTC     arch/arm64/boot/dts/qcom/sm8150-qrd-dvt-overlay.dtbo
  DTC     arch/arm64/boot/dts/qcom/guacamole-overlay-dvt.dtbo
  DTC     arch/arm64/boot/dts/qcom/guacamole-overlay-evt1.dtbo
  DTC     arch/arm64/boot/dts/qcom/guacamole-overlay-evt2-second.dtbo
  DTC     arch/arm64/boot/dts/qcom/guacamole-overlay-evt2.dtbo
  DTC     arch/arm64/boot/dts/qcom/guacamole-overlay-evt3.dtbo
  DTC     arch/arm64/boot/dts/qcom/guacamole-overlay-pvt.dtbo
  DTC     arch/arm64/boot/dts/qcom/guacamole-overlay-t0.dtbo
  DTC     arch/arm64/boot/dts/qcom/guacamole-sdx50m-overlay-dvt.dtbo
  DTC     arch/arm64/boot/dts/qcom/guacamole-sdx50m-overlay-evt1.dtbo
  DTC     arch/arm64/boot/dts/qcom/guacamole-sdx50m-overlay-evt2.dtbo
  DTC     arch/arm64/boot/dts/qcom/guacamole-sdx50m-overlay-pvt.dtbo
  DTC     arch/arm64/boot/dts/qcom/guacamole-sdx50m-overlay-t0.dtbo
  DTC     arch/arm64/boot/dts/qcom/guacamoleb-overlay-dvt.dtbo
  DTC     arch/arm64/boot/dts/qcom/guacamoleb-overlay-evt.dtbo
  DTC     arch/arm64/boot/dts/qcom/guacamoleb-overlay-pvt.dtbo
  DTC     arch/arm64/boot/dts/qcom/guacamoleb-overlay-t0.dtbo
  DTC     arch/arm64/boot/dts/qcom/guacamoles-sdx50m-overlay-dvt.dtbo
  DTC     arch/arm64/boot/dts/qcom/guacamoles-sdx50m-overlay-evt.dtbo
  DTC     arch/arm64/boot/dts/qcom/guacamoles-sdx50m-overlay-pvt.dtbo
  DTC     arch/arm64/boot/dts/qcom/hotdog-overlay-dvt.dtbo
  DTC     arch/arm64/boot/dts/qcom/hotdog-overlay-evt.dtbo
  DTC     arch/arm64/boot/dts/qcom/hotdog-overlay-pvt.dtbo
  AR      fs/built-in.o
  DTC     arch/arm64/boot/dts/qcom/hotdog-overlay-t0.dtbo
  DTC     arch/arm64/boot/dts/qcom/hotdogb-overlay-dvt-second.dtbo
  DTC     arch/arm64/boot/dts/qcom/hotdogb-overlay-dvt.dtbo
  DTC     arch/arm64/boot/dts/qcom/hotdogb-overlay-evt-second.dtbo
  DTC     arch/arm64/boot/dts/qcom/hotdogb-overlay-evt.dtbo
  DTC     arch/arm64/boot/dts/qcom/hotdogb-overlay-pvt-second.dtbo
  DTC     arch/arm64/boot/dts/qcom/hotdogb-overlay-pvt.dtbo
  DTC     arch/arm64/boot/dts/qcom/hotdogb-overlay-t0.dtbo
  DTC     arch/arm64/boot/dts/qcom/hotdogg-sdx55m-overlay-dvt.dtbo
  DTC     arch/arm64/boot/dts/qcom/hotdogg-sdx55m-overlay-evt1.dtbo
  DTC     arch/arm64/boot/dts/qcom/hotdogg-sdx55m-overlay-evt2.dtbo
  DTC     arch/arm64/boot/dts/qcom/hotdogg-sdx55m-overlay-pvt.dtbo
  DTC     arch/arm64/boot/dts/qcom/hotdogg-sdx55m-overlay-t0.dtbo
  DTC     arch/arm64/boot/dts/qcom/sa8155-adp-alcor-overlay.dtbo
  DTC     arch/arm64/boot/dts/qcom/sa8155-adp-star-overlay.dtbo
  DTC     arch/arm64/boot/dts/qcom/sa8155-v2-adp-air-overlay.dtbo
  DTC     arch/arm64/boot/dts/qcom/sa8155p-adp-alcor-overlay.dtbo
  DTC     arch/arm64/boot/dts/qcom/sa8155p-adp-star-overlay.dtbo
  DTC     arch/arm64/boot/dts/qcom/sa8155p-v2-adp-air-overlay.dtbo
  DTC     arch/arm64/boot/dts/qcom/sm8150-cdp-overlay.dtbo
  DTC     arch/arm64/boot/dts/qcom/sm8150-hdk-overlay.dtbo
  DTC     arch/arm64/boot/dts/qcom/sm8150-marmot-mtp-overlay.dtbo
  DTC     arch/arm64/boot/dts/qcom/sm8150-marmot-cdp-overlay.dtbo
  DTC     arch/arm64/boot/dts/qcom/sm8150-mtp-overlay.dtbo
  DTC     arch/arm64/boot/dts/qcom/sm8150-qrd-overlay.dtbo
  DTC     arch/arm64/boot/dts/qcom/sm8150-rumi-overlay.dtbo
  DTC     arch/arm64/boot/dts/qcom/sm8150-sdx50m-cdp-overlay.dtbo
  DTC     arch/arm64/boot/dts/qcom/sm8150-sdx50m-mtp-2.5k-panel-overlay.dtbo
  DTC     arch/arm64/boot/dts/qcom/sm8150-sdx50m-mtp-overlay.dtbo
  DTC     arch/arm64/boot/dts/qcom/sm8150-sdx50m-qrd-overlay.dtbo
  DTC     arch/arm64/boot/dts/qcom/sm8150-sdxprairie-cdp-overlay.dtbo
  GEN     .version
  DTC     arch/arm64/boot/dts/qcom/sm8150-sdxprairie-mtp-overlay.dtbo
  DTC     arch/arm64/boot/dts/qcom/sm8150-sdxprairie-v2-cdp-overlay.dtbo
  DTC     arch/arm64/boot/dts/qcom/sm8150-sdxprairie-v2-mtp-overlay.dtbo
  DTC     arch/arm64/boot/dts/qcom/sm8150-sdxprairie-v3-mtp-overlay.dtbo
  CHK     include/generated/compile.h
  UPD     include/generated/compile.h
  CC      init/version.o
  AR      init/built-in.o
  AR      built-in.o
  LD      vmlinux.o
  MODPOST vmlinux.o
